Script started on Sat 20 Mar 2021 10:59:50 PM EDT
]0;mhasnain@sol25:~[?1034h[mhasnain@sol25 ~]$ du[K[Ksudo apt-get install git

We trust you have received the usual lecture from the local System
Administrator. It usually boils down to these three things:

    #1) Respect the privacy of others.
    #2) Think before you type.
    #3) With great power comes great responsibility.

[sudo] password for mhasnain: 
mhasnain is not in the sudoers file.  This incident will be reported.
]0;mhasnain@sol25:~[mhasnain@sol25 ~]$ git --version
git version 1.8.3.1
]0;mhasnain@sol25:~[mhasnain@sol25 ~]$ git config --glov[Kbal user.name "mhasnain61"
]0;mhasnain@sol25:~[mhasnain@sol25 ~]$ git config --global user.name "mhasnain61"[K[K[K[K[K[K[K[K[K[K[K[K[K[K[K[K[K[K.email "mah[K[Khasnain9599@gmail.com"
]0;mhasnain@sol25:~[mhasnain@sol25 ~]$ ls
factory.csv  names.csv  Open  parsecsv.sh  session.log  test.txt
]0;mhasnain@sol25:~[mhasnain@sol25 ~]$ mk [Kdur[K[Kir lab[K[K[KRepeMe[K[K[KoMeta
]0;mhasnain@sol25:~[mhasnain@sol25 ~]$ ls
factory.csv  names.csv  Open  parsecsv.sh  [0m[01;34mRepoMeta[0m  session.log  test.txt
]0;mhasnain@sol25:~[mhasnain@sol25 ~]$ cd Reop[K[KpoMeta
]0;mhasnain@sol25:~/RepoMeta[mhasnain@sol25 RepoMeta]$ echo "# Reop[K[KpoMeta[Ka" >> README.md
]0;mhasnain@sol25:~/RepoMeta[mhasnain@sol25 RepoMeta]$ git innit[K[K[Kit
Initialized empty Git repository in /users1/st/mhasnain/RepoMeta/.git/
]0;mhasnain@sol25:~/RepoMeta[mhasnain@sol25 RepoMeta]$ git add README.md
]0;mhasnain@sol25:~/RepoMeta[mhasnain@sol25 RepoMeta]$ git commit=[K -m "First Commit [K"
[master (root-commit) cb2c08c] First Commit
 1 file changed, 1 insertion(+)
 create mode 100644 README.md
]0;mhasnain@sol25:~/RepoMeta[mhasnain@sol25 RepoMeta]$ git remote add origin ^?[K^[[2~[K[K[K[K[K ^?[K[K [K[mhasnain@sol25 RepoMeta]$ git remote add origin [K[mhasnain@sol25 RepoMeta]$ git remote add origin [K[mhasnain@sol25 RepoMeta]$ git remote add origin https://github.com/mhasnain61/R epoMEta[K[K[Keta.git
]0;mhasnain@sol25:~/RepoMeta[mhasnain@sol25 RepoMeta]$ git push -u orihin[K[K[Kgin main
Username for 'https://github.com': mhasnain61
Password for 'https://mhasnain61@github.com': 
error: src refspec main does not match any.
error: failed to push some refs to 'https://github.com/mhasnain61/RepoMeta.git'
]0;mhasnain@sol25:~/RepoMeta[mhasnain@sol25 RepoMeta]$ git push -u origin main[K[K[Kaster
Username for 'https://github.com': mhasnain61
Password for 'https://mhasnain61@github.com': 
Counting objects: 3, done.
Writing objects:  33% (1/3)   Writing objects:  66% (2/3)   Writing objects: 100% (3/3)   Writing objects: 100% (3/3), 223 bytes | 0 bytes/s, done.
Total 3 (delta 0), reused 0 (delta 0)
remote: 
remote: Create a pull request for 'master' on GitHub by visiting:[K
remote:      https://github.com/mhasnain61/RepoMeta/pull/new/master[K
remote: 
To https://github.com/mhasnain61/RepoMeta.git
 * [new branch]      master -> master
Branch master set up to track remote branch master from origin.
]0;mhasnain@sol25:~/RepoMeta[mhasnain@sol25 RepoMeta]$ cd
]0;mhasnain@sol25:~[mhasnain@sol25 ~]$ cdgit push -u origin master[2Pinremote add origin https://github.com/mhasnain61/RepoMeta..git[A[C[C[C[C[C[C[C[C[C[C[C[C[C[C[C[C[C[C[C[C[32Pcommit -m "First Commit"
[K[A[C[C[C[C[C[C[C[C[C[C[C[C[C[C[C[C[C[C[C[C[C[C[C[C[C[C[C[C[C[C[C[C[C[C[C[C[C[C[C[C[C[C[C[C[C[C[C[C[11Padd README.mdinit[Kecho "# RepoMeta" >> README.md[C[C[C[C[C[C[C[C[C[C[C[C[C[C[C[C[C[C[C[C[19Pcd RepoMetals[Kmkdir RepoMetals[Kgit config --global user.email "mhasnain9599@gmail.com"[13Pname "mhasnain61"
]0;mhasnain@sol25:~[mhasnain@sol25 ~]$ git config --global user.name "mhasnain61"[C[C[C[C[C[C[C[C[C[C[C[C[C[C[C[C[C[C[C[Ccd[Kgit push -u origin master[2Pinremote add origin https://github.com/mhasnain61/RepoMeta..git[A[C[C[C[C[C[C[C[C[C[C[C[C[C[C[C[C[C[C[C[C[32Pcommit -m "First Commit"
[K[A[C[C[C[C[C[C[C[C[C[C[C[C[C[C[C[C[C[C[C[C[C[C[C[C[C[C[C[C[C[C[C[C[C[C[C[C[C[C[C[C[C[C[C[C[C[C[C[C[11Padd README.mdinit[Kecho "# RepoMeta" >> README.md[C[C[C[C[C[C[C[C[C[C[C[C[C[C[C[C[C[C[C[C[19Pcd RepoMetals[Kmkdir RepoMetals[Kgit config --global user.email "mhasnain9599@gmail.com"
]0;mhasnain@sol25:~[mhasnain@sol25 ~]$ n[K [Kecho "# Reo[Kpo1" >> README.me[Kd
]0;mhasnain@sol25:~[mhasnain@sol25 ~]$ git init
Initialized empty Git repository in /users1/st/mhasnain/.git/
]0;mhasnain@sol25:~[mhasnain@sol25 ~]$ git add README,[K.md
]0;mhasnain@sol25:~[mhasnain@sol25 ~]$ git commit -m "first commit'[K"
[master (root-commit) e03eb3b] first commit
 1 file changed, 1 insertion(+)
 create mode 100644 README.md
]0;mhasnain@sol25:~[mhasnain@sol25 ~]$ git branch -M main
]0;mhasnain@sol25:~[mhasnain@sol25 ~]$ h[Kgit remodt[K[Kte add origin https://github.com/mhasnain61/Reo[Kpo1.gi tgit [K[K[K[K
]0;mhasnain@sol25:~[mhasnain@sol25 ~]$ fit p[K[K[K[K[Kgit push origin main[K[K[K[K[K[K[K[K[K[K[K[K[Kh -u origin main
Username for 'https://github.com': mhan snain61
Password for 'https://mhasnain61@github.com': 
Counting objects: 3, done.
Writing objects:  33% (1/3)   Writing objects:  66% (2/3)   Writing objects: 100% (3/3)   Writing objects: 100% (3/3), 216 bytes | 0 bytes/s, done.
Total 3 (delta 0), reused 0 (delta 0)
To https://github.com/mhasnain61/Repo1.git
 * [new branch]      main -> main
Branch main set up to track remote branch main from origin.
]0;mhasnain@sol25:~[mhasnain@sol25 ~]$ ls
factory.csv  Open         README.md  session.log
names.csv    parsecsv.sh  [0m[01;34mRepoMeta[0m   test.txt
]0;mhasnain@sol25:~[mhasnain@sol25 ~]$ mk [Kdir Repo1
]0;mhasnain@sol25:~[mhasnain@sol25 ~]$ cd Repo1
]0;mhasnain@sol25:~/Repo1[mhasnain@sol25 Repo1]$ nano HelloQo[K[KWorld.java
[?1049h[1;18r(B[m[4l[?7h[?12l[?25h[?1h=[?1h=[?1h=[39;49m[39;49m(B[m[H[2J(B[0;7m  GNU nano 2.3.1            File: HelloWorld.java                               [16;35H[ New File ][17d^G(B[m Get Help  (B[0;7m^O(B[m WriteOut  (B[0;7m^R(B[m Read File (B[0;7m^Y(B[m Prev Page (B[0;7m^K(B[m Cut Text  (B[0;7m^C(B[m Cur Pos[18d(B[0;7m^X(B[m Exit[14G(B[0;7m^J(B[m Justify   (B[0;7m^W(B[m Where Is  (B[0;7m^V(B[m Next Page (B[0;7m^U(B[m UnCut Text(B[0;7m^T(B[m To Spell[3d[1;71H(B[0;7mModified[3d(B[mpublic statis cou[Z [Z   c   [16d[K[3;11H 	 	      [K[4dpublic class Hello  WOrld    orld{ [5d     public statis c void main (String [] m args){[6d       System.out.println("Hello O WO orld");[7d[8d[A     }[8d}[18;1H[?1049l[?1l>[?1049h[1;22r[?12l[?25h[39;49m(B[m[4l[?7h[H[2J(B[0;7m  GNU nano 2.3.1            File: HelloWorld.java                     Modified  [4;1H(B[mpublic class HelloWorld{[5;4Hpublic static void main(String[] args){[6;8HSystem.out.println("Hello World");[7;5H}[8d}[17d(B[0;7m^G(B[m Get Help  (B[0;7m^O(B[m WriteOut  (B[0;7m^R(B[m Read File (B[0;7m^Y(B[m Prev Page (B[0;7m^K(B[m Cut Text  (B[0;7m^C(B[m Cur Pos[18d(B[0;7m^X(B[m Exit[14G(B[0;7m^J(B[m Justify   (B[0;7m^W(B[m Where Is  (B[0;7m^V(B[m Next Page (B[0;7m^U(B[m UnCut Text(B[0;7m^T(B[m To Spell[8d}[?1h=[?1h=[?1h=[H[2J(B[0;7m  GNU nano 2.3.1            File: HelloWorld.java                     Modified  [4;1H(B[mpublic class HelloWorld{[5;4Hpublic static void main(String[] args){[6;8HSystem.out.println("Hello World");[7;5H}[